// snap line 0
// snap line 1
// snap line 2
// snap line 3
// snap line 4
// snap line 5
// snap line 6
// snap line 7
// snap line 8
// snap line 9
// snap line 10
// snap line 11
// snap line 12
// snap line 13
// snap line 14
// snap line 15
// snap line 16
// snap line 17
// snap line 18
// snap line 19
// snap line 20
// snap line 21
// snap line 22
// snap line 23
// snap line 24
// snap line 25
// snap line 26
// snap line 27
// snap line 28
// snap line 29
// snap line 30
// snap line 31
// snap line 32
// snap line 33
// snap line 34
// snap line 35
// snap line 36
// snap line 37
// snap line 38
// snap line 39
// snap line 40
// snap line 41
// snap line 42
// snap line 43
// snap line 44
// snap line 45
// snap line 46
// snap line 47
// snap line 48
// snap line 49
// snap line 50
// snap line 51
// snap line 52
// snap line 53
// snap line 54
// snap line 55
// snap line 56
// snap line 57
// snap line 58
// snap line 59
// snap line 60
// snap line 61
// snap line 62
// snap line 63
// snap line 64
// snap line 65
// snap line 66
// snap line 67
// snap line 68
// snap line 69
// snap line 70
// snap line 71
// snap line 72
// snap line 73
// snap line 74
// snap line 75
// snap line 76
// snap line 77
// snap line 78
// snap line 79
// snap line 80
// snap line 81
// snap line 82
// snap line 83
// snap line 84
// snap line 85
// snap line 86
// snap line 87
// snap line 88
// snap line 89
// snap line 90
// snap line 91
// snap line 92
// snap line 93
// snap line 94
// snap line 95
// snap line 96
// snap line 97
// snap line 98
// snap line 99
// snap line 100
// snap line 101
// snap line 102
// snap line 103
// snap line 104
// snap line 105
// snap line 106
// snap line 107
// snap line 108
// snap line 109
// snap line 110
// snap line 111
// snap line 112
// snap line 113
// snap line 114
// snap line 115
// snap line 116
// snap line 117
// snap line 118
// snap line 119
// snap line 120
// snap line 121
// snap line 122
// snap line 123
// snap line 124
// snap line 125
// snap line 126
// snap line 127
// snap line 128
// snap line 129
// snap line 130
// snap line 131
// snap line 132
// snap line 133
// snap line 134
// snap line 135
// snap line 136
// snap line 137
// snap line 138
// snap line 139
// snap line 140
// snap line 141
// snap line 142
// snap line 143
// snap line 144
// snap line 145
// snap line 146
// snap line 147
// snap line 148
// snap line 149
// snap line 150
// snap line 151
// snap line 152
// snap line 153
// snap line 154
// snap line 155
// snap line 156
// snap line 157
// snap line 158
// snap line 159
// snap line 160
// snap line 161
// snap line 162
// snap line 163
// snap line 164
// snap line 165
// snap line 166
// snap line 167
// snap line 168
// snap line 169
// snap line 170
// snap line 171
// snap line 172
// snap line 173
// snap line 174
// snap line 175
// snap line 176
// snap line 177
// snap line 178
// snap line 179
// snap line 180
// snap line 181
// snap line 182
// snap line 183
// snap line 184
// snap line 185
// snap line 186
// snap line 187
// snap line 188
// snap line 189
// snap line 190
// snap line 191
// snap line 192
// snap line 193
// snap line 194
// snap line 195
// snap line 196
// snap line 197
// snap line 198
// snap line 199
// snap line 200
// snap line 201
// snap line 202
// snap line 203
// snap line 204
// snap line 205
// snap line 206
// snap line 207
// snap line 208
// snap line 209
// snap line 210
// snap line 211
// snap line 212
// snap line 213
// snap line 214
// snap line 215
// snap line 216
// snap line 217
// snap line 218
// snap line 219
// snap line 220
// snap line 221
// snap line 222
// snap line 223
// snap line 224
// snap line 225
// snap line 226
// snap line 227
// snap line 228
// snap line 229
// snap line 230
// snap line 231
// snap line 232
// snap line 233
// snap line 234
// snap line 235
// snap line 236
// snap line 237
// snap line 238
// snap line 239
// snap line 240
// snap line 241
// snap line 242
// snap line 243
// snap line 244
// snap line 245
// snap line 246
// snap line 247
// snap line 248
// snap line 249
// snap line 250
// snap line 251
// snap line 252
// snap line 253
// snap line 254
// snap line 255
// snap line 256
// snap line 257
// snap line 258
// snap line 259
// snap line 260
// snap line 261
// snap line 262
// snap line 263
// snap line 264
// snap line 265
// snap line 266
// snap line 267
// snap line 268
// snap line 269
// snap line 270
// snap line 271
// snap line 272
// snap line 273
// snap line 274
// snap line 275
// snap line 276
// snap line 277
// snap line 278
// snap line 279
// snap line 280
// snap line 281
// snap line 282
// snap line 283
// snap line 284
// snap line 285
// snap line 286
// snap line 287
// snap line 288
// snap line 289
// snap line 290
// snap line 291
// snap line 292
// snap line 293
// snap line 294
// snap line 295
// snap line 296
// snap line 297
// snap line 298
// snap line 299
// snap line 300
// snap line 301
// snap line 302
// snap line 303
// snap line 304
// snap line 305
// snap line 306
// snap line 307
// snap line 308
// snap line 309
// snap line 310
// snap line 311
// snap line 312
// snap line 313
// snap line 314
// snap line 315
// snap line 316
// snap line 317
// snap line 318
// snap line 319
// snap line 320
// snap line 321
// snap line 322
// snap line 323
// snap line 324
// snap line 325
// snap line 326
// snap line 327
// snap line 328
// snap line 329
// snap line 330
// snap line 331
// snap line 332
// snap line 333
// snap line 334
// snap line 335
// snap line 336
// snap line 337
// snap line 338
// snap line 339
// snap line 340
// snap line 341
// snap line 342
// snap line 343
// snap line 344
// snap line 345
// snap line 346
// snap line 347
// snap line 348
// snap line 349
// snap line 350
// snap line 351
// snap line 352
// snap line 353
// snap line 354
// snap line 355
// snap line 356
// snap line 357
// snap line 358
// snap line 359
// snap line 360
// snap line 361
// snap line 362
// snap line 363
// snap line 364
// snap line 365
// snap line 366
// snap line 367
// snap line 368
// snap line 369
// snap line 370
// snap line 371
// snap line 372
// snap line 373
// snap line 374
// snap line 375
// snap line 376
// snap line 377
// snap line 378
// snap line 379
// snap line 380
// snap line 381
// snap line 382
// snap line 383
// snap line 384
// snap line 385
// snap line 386
// snap line 387
// snap line 388
// snap line 389
// snap line 390
// snap line 391
// snap line 392
// snap line 393
// snap line 394
// snap line 395
// snap line 396
// snap line 397
// snap line 398
// snap line 399
// snap line 400
// snap line 401
// snap line 402
// snap line 403
// snap line 404
// snap line 405
// snap line 406
// snap line 407
// snap line 408
// snap line 409
// snap line 410
// snap line 411
// snap line 412
// snap line 413
// snap line 414
// snap line 415
// snap line 416
// snap line 417
// snap line 418
// snap line 419
// snap line 420
// snap line 421
// snap line 422
// snap line 423
// snap line 424
// snap line 425
// snap line 426
// snap line 427
// snap line 428
// snap line 429
// snap line 430
// snap line 431
// snap line 432
// snap line 433
// snap line 434
// snap line 435
// snap line 436
// snap line 437
// snap line 438
// snap line 439
// snap line 440
// snap line 441
// snap line 442
// snap line 443
// snap line 444
// snap line 445
// snap line 446
// snap line 447
// snap line 448
// snap line 449
// snap line 450
// snap line 451
// snap line 452
// snap line 453
// snap line 454
// snap line 455
// snap line 456
// snap line 457
// snap line 458
// snap line 459
// snap line 460
// snap line 461
// snap line 462
// snap line 463
// snap line 464
// snap line 465
// snap line 466
// snap line 467
// snap line 468
// snap line 469
// snap line 470
// snap line 471
// snap line 472
// snap line 473
// snap line 474
// snap line 475
// snap line 476
// snap line 477
// snap line 478
// snap line 479
// snap line 480
// snap line 481
// snap line 482
// snap line 483
// snap line 484
// snap line 485
// snap line 486
// snap line 487
// snap line 488
// snap line 489
// snap line 490
// snap line 491
// snap line 492
// snap line 493
// snap line 494
// snap line 495
// snap line 496
// snap line 497
// snap line 498
// snap line 499
// snap line 500
// snap line 501
// snap line 502
// snap line 503
// snap line 504
// snap line 505
// snap line 506
// snap line 507
// snap line 508
// snap line 509
// snap line 510
// snap line 511
// snap line 512
// snap line 513
// snap line 514
// snap line 515
// snap line 516
// snap line 517
// snap line 518
// snap line 519
// snap line 520
// snap line 521
// snap line 522
// snap line 523
// snap line 524
// snap line 525
// snap line 526
// snap line 527
// snap line 528
// snap line 529
// snap line 530
// snap line 531
// snap line 532
// snap line 533
// snap line 534
// snap line 535
// snap line 536
// snap line 537
// snap line 538
// snap line 539
// snap line 540
// snap line 541
// snap line 542
// snap line 543
// snap line 544
// snap line 545
// snap line 546
// snap line 547
// snap line 548
// snap line 549
// snap line 550
// snap line 551
// snap line 552
// snap line 553
// snap line 554
// snap line 555
// snap line 556
// snap line 557
// snap line 558
// snap line 559
// snap line 560
// snap line 561
// snap line 562
// snap line 563
// snap line 564
// snap line 565
// snap line 566
// snap line 567
// snap line 568
// snap line 569
// snap line 570
// snap line 571
// snap line 572
// snap line 573
// snap line 574
// snap line 575
// snap line 576
// snap line 577
// snap line 578
// snap line 579
// snap line 580
// snap line 581
// snap line 582
// snap line 583
// snap line 584
// snap line 585
// snap line 586
// snap line 587
// snap line 588
// snap line 589
// snap line 590
// snap line 591
// snap line 592
// snap line 593
// snap line 594
// snap line 595
// snap line 596
// snap line 597
// snap line 598
// snap line 599
// snap line 600
